// Jest Snapshot v1, https://goo.gl/fbAQLP

exports[`PatientDashboard should render patient dashboard 1`] = `
<div>
  <main
    class="MuiContainer-root MuiContainer-maxWidthXs"
  >
    <div
      class="makeStyles-paper-1"
    >
      <div
        class="MuiGrid-root MuiGrid-item MuiGrid-grid-xs-12"
      >
        <div
          class="MuiPaper-root MuiCard-root makeStyles-card-2 MuiPaper-elevation1 MuiPaper-rounded"
        >
          <button
            class="MuiButtonBase-root MuiCardActionArea-root"
            data-cy="schedule-appointment-btn"
            tabindex="0"
            type="button"
          >
            <div
              class="MuiCardContent-root"
            >
              <h2
                class="MuiTypography-root MuiTypography-h5 MuiTypography-gutterBottom"
              >
                Schedule Appointment
              </h2>
            </div>
            <span
              class="MuiCardActionArea-focusHighlight"
            />
            <span
              class="MuiTouchRipple-root"
            />
          </button>
        </div>
        <div
          class="MuiPaper-root MuiCard-root makeStyles-card-2 MuiPaper-elevation1 MuiPaper-rounded"
        >
          <button
            class="MuiButtonBase-root MuiCardActionArea-root"
            data-cy="appointments-list-btn"
            tabindex="0"
            type="button"
          >
            <div
              class="MuiCardContent-root"
            >
              <h2
                class="MuiTypography-root MuiTypography-h5 MuiTypography-gutterBottom"
              >
                View Appointments
              </h2>
            </div>
            <span
              class="MuiCardActionArea-focusHighlight"
            />
            <span
              class="MuiTouchRipple-root"
            />
          </button>
        </div>
        <div
          class="MuiPaper-root MuiCard-root makeStyles-card-2 MuiPaper-elevation1 MuiPaper-rounded"
        >
          <button
            class="MuiButtonBase-root MuiCardActionArea-root"
            data-cy="leave-feedback-btn"
            tabindex="0"
            type="button"
          >
            <div
              class="MuiCardContent-root"
            >
              <h2
                class="MuiTypography-root MuiTypography-h5 MuiTypography-gutterBottom"
              >
                Leave Feedback
              </h2>
            </div>
            <span
              class="MuiCardActionArea-focusHighlight"
            />
            <span
              class="MuiTouchRipple-root"
            />
          </button>
        </div>
      </div>
    </div>
  </main>
</div>
`;
